Archive member included to satisfy reference by file (symbol)

/usr/lib/gcc/avr/4.9.2/avr5/libgcc.a(_exit.o)
                              /usr/lib/gcc/avr/4.9.2/../../../avr/lib/avr5/crtatmega32.o (exit)
/usr/lib/gcc/avr/4.9.2/avr5/libgcc.a(_copy_data.o)
                              ./sonar/sonar.o (__do_copy_data)
/usr/lib/gcc/avr/4.9.2/avr5/libgcc.a(_clear_bss.o)
                              ./sonar/sonar.o (__do_clear_bss)

Discarded input sections

 .data          0x0000000000000000        0x0 /usr/lib/gcc/avr/4.9.2/../../../avr/lib/avr5/crtatmega32.o
 .bss           0x0000000000000000        0x0 /usr/lib/gcc/avr/4.9.2/../../../avr/lib/avr5/crtatmega32.o
 .text          0x0000000000000000        0x0 ./sonar/sonar.o
 .data          0x0000000000000000        0x0 ./sonar/sonar.o
 .bss           0x0000000000000000        0x0 ./sonar/sonar.o
 .text._Z8sonarMaxv
                0x0000000000000000       0x10 ./sonar/sonar.o
 .text          0x0000000000000000        0x0 ./line/line.o
 .data          0x0000000000000000        0x0 ./line/line.o
 .bss           0x0000000000000000        0x0 ./line/line.o
 .text          0x0000000000000000        0x0 ./led/led.o
 .data          0x0000000000000000        0x0 ./led/led.o
 .bss           0x0000000000000000        0x0 ./led/led.o
 .text          0x0000000000000000        0x0 ./engine/engine.o
 .data          0x0000000000000000        0x0 ./engine/engine.o
 .bss           0x0000000000000000        0x0 ./engine/engine.o
 .text          0x0000000000000000        0x0 ./debug/debug.o
 .data          0x0000000000000000        0x0 ./debug/debug.o
 .bss           0x0000000000000000        0x0 ./debug/debug.o
 .text._Z4sendc
                0x0000000000000000       0x20 ./debug/debug.o
 .text._Z4sendPc
                0x0000000000000000       0x56 ./debug/debug.o
 .text          0x0000000000000000        0x0 ./adc/adc.o
 .data          0x0000000000000000        0x0 ./adc/adc.o
 .bss           0x0000000000000000        0x0 ./adc/adc.o
 .text._Z10adcBatteryv
                0x0000000000000000        0xa ./adc/adc.o
 .text          0x0000000000000000        0x0 ./zemciak.o
 .data          0x0000000000000000        0x0 ./zemciak.o
 .bss           0x0000000000000000        0x0 ./zemciak.o
 .text._Z8loopInitv
                0x0000000000000000       0x18 ./zemciak.o
 .text._Z10switchInitv
                0x0000000000000000        0x6 ./zemciak.o
 .text._Z9getSwitchv
                0x0000000000000000       0x22 ./zemciak.o
 .text          0x0000000000000000        0x0 /usr/lib/gcc/avr/4.9.2/avr5/libgcc.a(_exit.o)
 .data          0x0000000000000000        0x0 /usr/lib/gcc/avr/4.9.2/avr5/libgcc.a(_exit.o)
 .bss           0x0000000000000000        0x0 /usr/lib/gcc/avr/4.9.2/avr5/libgcc.a(_exit.o)
 .text.libgcc.mul
                0x0000000000000000        0x0 /usr/lib/gcc/avr/4.9.2/avr5/libgcc.a(_exit.o)
 .text.libgcc.div
                0x0000000000000000        0x0 /usr/lib/gcc/avr/4.9.2/avr5/libgcc.a(_exit.o)
 .text.libgcc   0x0000000000000000        0x0 /usr/lib/gcc/avr/4.9.2/avr5/libgcc.a(_exit.o)
 .text.libgcc.prologue
                0x0000000000000000        0x0 /usr/lib/gcc/avr/4.9.2/avr5/libgcc.a(_exit.o)
 .text.libgcc.builtins
                0x0000000000000000        0x0 /usr/lib/gcc/avr/4.9.2/avr5/libgcc.a(_exit.o)
 .text.libgcc.fmul
                0x0000000000000000        0x0 /usr/lib/gcc/avr/4.9.2/avr5/libgcc.a(_exit.o)
 .text.libgcc.fixed
                0x0000000000000000        0x0 /usr/lib/gcc/avr/4.9.2/avr5/libgcc.a(_exit.o)
 .text          0x0000000000000000        0x0 /usr/lib/gcc/avr/4.9.2/avr5/libgcc.a(_copy_data.o)
 .data          0x0000000000000000        0x0 /usr/lib/gcc/avr/4.9.2/avr5/libgcc.a(_copy_data.o)
 .bss           0x0000000000000000        0x0 /usr/lib/gcc/avr/4.9.2/avr5/libgcc.a(_copy_data.o)
 .text.libgcc.mul
                0x0000000000000000        0x0 /usr/lib/gcc/avr/4.9.2/avr5/libgcc.a(_copy_data.o)
 .text.libgcc.div
                0x0000000000000000        0x0 /usr/lib/gcc/avr/4.9.2/avr5/libgcc.a(_copy_data.o)
 .text.libgcc   0x0000000000000000        0x0 /usr/lib/gcc/avr/4.9.2/avr5/libgcc.a(_copy_data.o)
 .text.libgcc.prologue
                0x0000000000000000        0x0 /usr/lib/gcc/avr/4.9.2/avr5/libgcc.a(_copy_data.o)
 .text.libgcc.builtins
                0x0000000000000000        0x0 /usr/lib/gcc/avr/4.9.2/avr5/libgcc.a(_copy_data.o)
 .text.libgcc.fmul
                0x0000000000000000        0x0 /usr/lib/gcc/avr/4.9.2/avr5/libgcc.a(_copy_data.o)
 .text.libgcc.fixed
                0x0000000000000000        0x0 /usr/lib/gcc/avr/4.9.2/avr5/libgcc.a(_copy_data.o)
 .text          0x0000000000000000        0x0 /usr/lib/gcc/avr/4.9.2/avr5/libgcc.a(_clear_bss.o)
 .data          0x0000000000000000        0x0 /usr/lib/gcc/avr/4.9.2/avr5/libgcc.a(_clear_bss.o)
 .bss           0x0000000000000000        0x0 /usr/lib/gcc/avr/4.9.2/avr5/libgcc.a(_clear_bss.o)
 .text.libgcc.mul
                0x0000000000000000        0x0 /usr/lib/gcc/avr/4.9.2/avr5/libgcc.a(_clear_bss.o)
 .text.libgcc.div
                0x0000000000000000        0x0 /usr/lib/gcc/avr/4.9.2/avr5/libgcc.a(_clear_bss.o)
 .text.libgcc   0x0000000000000000        0x0 /usr/lib/gcc/avr/4.9.2/avr5/libgcc.a(_clear_bss.o)
 .text.libgcc.prologue
                0x0000000000000000        0x0 /usr/lib/gcc/avr/4.9.2/avr5/libgcc.a(_clear_bss.o)
 .text.libgcc.builtins
                0x0000000000000000        0x0 /usr/lib/gcc/avr/4.9.2/avr5/libgcc.a(_clear_bss.o)
 .text.libgcc.fmul
                0x0000000000000000        0x0 /usr/lib/gcc/avr/4.9.2/avr5/libgcc.a(_clear_bss.o)
 .text.libgcc.fixed
                0x0000000000000000        0x0 /usr/lib/gcc/avr/4.9.2/avr5/libgcc.a(_clear_bss.o)

Memory Configuration

Name             Origin             Length             Attributes
text             0x0000000000000000 0x0000000000020000 xr
data             0x0000000000800060 0x000000000000ffa0 rw !x
eeprom           0x0000000000810000 0x0000000000010000 rw !x
fuse             0x0000000000820000 0x0000000000000400 rw !x
lock             0x0000000000830000 0x0000000000000400 rw !x
signature        0x0000000000840000 0x0000000000000400 rw !x
user_signatures  0x0000000000850000 0x0000000000000400 rw !x
*default*        0x0000000000000000 0xffffffffffffffff

Linker script and memory map

LOAD /usr/lib/gcc/avr/4.9.2/../../../avr/lib/avr5/crtatmega32.o
LOAD ./sonar/sonar.o
LOAD ./line/line.o
LOAD ./led/led.o
LOAD ./engine/engine.o
LOAD ./debug/debug.o
LOAD ./adc/adc.o
LOAD ./zemciak.o
LOAD /usr/lib/gcc/avr/4.9.2/avr5/libgcc.a
LOAD /usr/lib/gcc/avr/4.9.2/../../../avr/lib/avr5/libm.a
START GROUP
LOAD /usr/lib/gcc/avr/4.9.2/avr5/libgcc.a
LOAD /usr/lib/gcc/avr/4.9.2/../../../avr/lib/avr5/libm.a
LOAD /usr/lib/gcc/avr/4.9.2/../../../avr/lib/avr5/libc.a
LOAD /usr/lib/gcc/avr/4.9.2/../../../avr/lib/avr5/libatmega32.a
END GROUP

.hash
 *(.hash)

.dynsym
 *(.dynsym)

.dynstr
 *(.dynstr)

.gnu.version
 *(.gnu.version)

.gnu.version_d
 *(.gnu.version_d)

.gnu.version_r
 *(.gnu.version_r)

.rel.init
 *(.rel.init)

.rela.init
 *(.rela.init)

.rel.text
 *(.rel.text)
 *(.rel.text.*)
 *(.rel.gnu.linkonce.t*)

.rela.text
 *(.rela.text)
 *(.rela.text.*)
 *(.rela.gnu.linkonce.t*)

.rel.fini
 *(.rel.fini)

.rela.fini
 *(.rela.fini)

.rel.rodata
 *(.rel.rodata)
 *(.rel.rodata.*)
 *(.rel.gnu.linkonce.r*)

.rela.rodata
 *(.rela.rodata)
 *(.rela.rodata.*)
 *(.rela.gnu.linkonce.r*)

.rel.data
 *(.rel.data)
 *(.rel.data.*)
 *(.rel.gnu.linkonce.d*)

.rela.data
 *(.rela.data)
 *(.rela.data.*)
 *(.rela.gnu.linkonce.d*)

.rel.ctors
 *(.rel.ctors)

.rela.ctors
 *(.rela.ctors)

.rel.dtors
 *(.rel.dtors)

.rela.dtors
 *(.rela.dtors)

.rel.got
 *(.rel.got)

.rela.got
 *(.rela.got)

.rel.bss
 *(.rel.bss)

.rela.bss
 *(.rela.bss)

.rel.plt
 *(.rel.plt)

.rela.plt
 *(.rela.plt)

.text           0x0000000000000000      0xd38
 *(.vectors)
 .vectors       0x0000000000000000       0x54 /usr/lib/gcc/avr/4.9.2/../../../avr/lib/avr5/crtatmega32.o
                0x0000000000000000                __vectors
                0x0000000000000000                __vector_default
 *(.vectors)
 *(.progmem.gcc*)
                0x0000000000000054                . = ALIGN (0x2)
                0x0000000000000054                __trampolines_start = .
 *(.trampolines)
 .trampolines   0x0000000000000054        0x0 linker stubs
 *(.trampolines*)
                0x0000000000000054                __trampolines_end = .
 *(.progmem*)
                0x0000000000000054                . = ALIGN (0x2)
 *(.jumptables)
 *(.jumptables*)
 *(.lowtext)
 *(.lowtext*)
                0x0000000000000054                __ctors_start = .
 *(.ctors)
                0x0000000000000054                __ctors_end = .
                0x0000000000000054                __dtors_start = .
 *(.dtors)
                0x0000000000000054                __dtors_end = .
 SORT(*)(.ctors)
 SORT(*)(.dtors)
 *(.init0)
 .init0         0x0000000000000054        0x0 /usr/lib/gcc/avr/4.9.2/../../../avr/lib/avr5/crtatmega32.o
                0x0000000000000054                __init
 *(.init0)
 *(.init1)
 *(.init1)
 *(.init2)
 .init2         0x0000000000000054        0xc /usr/lib/gcc/avr/4.9.2/../../../avr/lib/avr5/crtatmega32.o
 *(.init2)
 *(.init3)
 *(.init3)
 *(.init4)
 .init4         0x0000000000000060       0x16 /usr/lib/gcc/avr/4.9.2/avr5/libgcc.a(_copy_data.o)
                0x0000000000000060                __do_copy_data
 .init4         0x0000000000000076       0x10 /usr/lib/gcc/avr/4.9.2/avr5/libgcc.a(_clear_bss.o)
                0x0000000000000076                __do_clear_bss
 *(.init4)
 *(.init5)
 *(.init5)
 *(.init6)
 *(.init6)
 *(.init7)
 *(.init7)
 *(.init8)
 *(.init8)
 *(.init9)
 .init9         0x0000000000000086        0x4 /usr/lib/gcc/avr/4.9.2/../../../avr/lib/avr5/crtatmega32.o
 *(.init9)
 *(.text)
 .text          0x000000000000008a        0x2 /usr/lib/gcc/avr/4.9.2/../../../avr/lib/avr5/crtatmega32.o
                0x000000000000008a                __vector_1
                0x000000000000008a                __vector_12
                0x000000000000008a                __bad_interrupt
                0x000000000000008a                __vector_6
                0x000000000000008a                __vector_3
                0x000000000000008a                __vector_11
                0x000000000000008a                __vector_13
                0x000000000000008a                __vector_17
                0x000000000000008a                __vector_19
                0x000000000000008a                __vector_7
                0x000000000000008a                __vector_5
                0x000000000000008a                __vector_9
                0x000000000000008a                __vector_2
                0x000000000000008a                __vector_8
                0x000000000000008a                __vector_14
                0x000000000000008a                __vector_18
                0x000000000000008a                __vector_20
                0x000000000000008c                . = ALIGN (0x2)
 *(.text.*)
 .text._Z9sonarInitv
                0x000000000000008c       0x26 ./sonar/sonar.o
                0x000000000000008c                _Z9sonarInitv
 .text._Z9sonarLeftv
                0x00000000000000b2        0x6 ./sonar/sonar.o
                0x00000000000000b2                _Z9sonarLeftv
 .text._Z10sonarRightv
                0x00000000000000b8        0x6 ./sonar/sonar.o
                0x00000000000000b8                _Z10sonarRightv
 .text._Z8sonarMinv
                0x00000000000000be       0x10 ./sonar/sonar.o
                0x00000000000000be                _Z8sonarMinv
 .text._Z8sonarAvgv
                0x00000000000000ce       0x14 ./sonar/sonar.o
                0x00000000000000ce                _Z8sonarAvgv
 .text.__vector_10
                0x00000000000000e2       0xd6 ./sonar/sonar.o
                0x00000000000000e2                __vector_10
 .text._Z8lineInitv
                0x00000000000001b8       0x1a ./line/line.o
                0x00000000000001b8                _Z8lineInitv
 .text._Z6lineFRv
                0x00000000000001d2       0x2e ./line/line.o
                0x00000000000001d2                _Z6lineFRv
 .text._Z6lineFLv
                0x0000000000000200       0x2c ./line/line.o
                0x0000000000000200                _Z6lineFLv
 .text._Z6lineBRv
                0x000000000000022c       0x2c ./line/line.o
                0x000000000000022c                _Z6lineBRv
 .text._Z6lineBLv
                0x0000000000000258       0x2c ./line/line.o
                0x0000000000000258                _Z6lineBLv
 .text._Z7ledInitv
                0x0000000000000284        0xa ./led/led.o
                0x0000000000000284                _Z7ledInitv
 .text._Z5ledFRb
                0x000000000000028e        0xc ./led/led.o
                0x000000000000028e                _Z5ledFRb
 .text._Z5ledFLb
                0x000000000000029a        0xc ./led/led.o
                0x000000000000029a                _Z5ledFLb
 .text._Z5ledBRb
                0x00000000000002a6        0xc ./led/led.o
                0x00000000000002a6                _Z5ledBRb
 .text._Z5ledBLb
                0x00000000000002b2        0xc ./led/led.o
                0x00000000000002b2                _Z5ledBLb
 .text._Z9setEngineaa
                0x00000000000002be       0x72 ./engine/engine.o
                0x00000000000002be                _Z9setEngineaa
 .text._Z10engineInitv
                0x0000000000000330       0x2e ./engine/engine.o
                0x0000000000000330                _Z10engineInitv
 .text._Z9debugInitv
                0x000000000000035e       0x10 ./debug/debug.o
                0x000000000000035e                _Z9debugInitv
 .text.__vector_15
                0x000000000000036e       0x58 ./debug/debug.o
                0x000000000000036e                __vector_15
 .text._Z7adcInitv
                0x00000000000003c6        0xc ./adc/adc.o
                0x00000000000003c6                _Z7adcInitv
 .text.__vector_16
                0x00000000000003d2       0x90 ./adc/adc.o
                0x00000000000003d2                __vector_16
 .text._Z13adcEngineLeftv
                0x0000000000000462        0xa ./adc/adc.o
                0x0000000000000462                _Z13adcEngineLeftv
 .text._Z14adcEngineRightv
                0x000000000000046c        0xa ./adc/adc.o
                0x000000000000046c                _Z14adcEngineRightv
 .text.startup.main
                0x0000000000000476      0x874 ./zemciak.o
                0x0000000000000476                main
 .text.__vector_4
                0x0000000000000cea       0x4a ./zemciak.o
                0x0000000000000cea                __vector_4
                0x0000000000000d34                . = ALIGN (0x2)
 *(.fini9)
 .fini9         0x0000000000000d34        0x0 /usr/lib/gcc/avr/4.9.2/avr5/libgcc.a(_exit.o)
                0x0000000000000d34                exit
                0x0000000000000d34                _exit
 *(.fini9)
 *(.fini8)
 *(.fini8)
 *(.fini7)
 *(.fini7)
 *(.fini6)
 *(.fini6)
 *(.fini5)
 *(.fini5)
 *(.fini4)
 *(.fini4)
 *(.fini3)
 *(.fini3)
 *(.fini2)
 *(.fini2)
 *(.fini1)
 *(.fini1)
 *(.fini0)
 .fini0         0x0000000000000d34        0x4 /usr/lib/gcc/avr/4.9.2/avr5/libgcc.a(_exit.o)
 *(.fini0)
                0x0000000000000d38                _etext = .

.data           0x0000000000800060        0x2 load address 0x0000000000000d38
                0x0000000000800060                PROVIDE (__data_start, .)
 *(.data)
 *(.data*)
 .data.sonarR   0x0000000000800060        0x1 ./sonar/sonar.o
                0x0000000000800060                sonarR
 .data.sonarL   0x0000000000800061        0x1 ./sonar/sonar.o
                0x0000000000800061                sonarL
 *(.rodata)
 *(.rodata*)
 *(.gnu.linkonce.d*)
                0x0000000000800062                . = ALIGN (0x2)
                0x0000000000800062                _edata = .
                0x0000000000800062                PROVIDE (__data_end, .)

.bss            0x0000000000800062       0x95
                0x0000000000800062                PROVIDE (__bss_start, .)
 *(.bss)
 *(.bss*)
 .bss._ZZ11__vector_10E7bufferR
                0x0000000000800062        0x3 ./sonar/sonar.o
 .bss._ZZ11__vector_10E7bufferL
                0x0000000000800065        0x3 ./sonar/sonar.o
 .bss._ZZ11__vector_10E5index
                0x0000000000800068        0x1 ./sonar/sonar.o
 .bss._ZZ11__vector_10E3div
                0x0000000000800069        0x1 ./sonar/sonar.o
 .bss.uartend   0x000000000080006a        0x1 ./debug/debug.o
                0x000000000080006a                uartend
 .bss.uartstart
                0x000000000080006b        0x1 ./debug/debug.o
                0x000000000080006b                uartstart
 .bss.buffer    0x000000000080006c       0x80 ./debug/debug.o
                0x000000000080006c                buffer
 .bss._ZZ11__vector_16E6pomiar
                0x00000000008000ec        0x1 ./adc/adc.o
 .bss.adcRight  0x00000000008000ed        0x2 ./adc/adc.o
                0x00000000008000ed                adcRight
 .bss.adcLeft   0x00000000008000ef        0x2 ./adc/adc.o
                0x00000000008000ef                adcLeft
 .bss.battery   0x00000000008000f1        0x2 ./adc/adc.o
                0x00000000008000f1                battery
 .bss.time      0x00000000008000f3        0x4 ./zemciak.o
                0x00000000008000f3                time
 *(COMMON)
                0x00000000008000f7                PROVIDE (__bss_end, .)
                0x0000000000000d38                __data_load_start = LOADADDR (.data)
                0x0000000000000d3a                __data_load_end = (__data_load_start + SIZEOF (.data))

.noinit         0x00000000008000f7        0x0
                0x00000000008000f7                PROVIDE (__noinit_start, .)
 *(.noinit*)
                0x00000000008000f7                PROVIDE (__noinit_end, .)
                0x00000000008000f7                _end = .
                0x00000000008000f7                PROVIDE (__heap_start, .)

.eeprom         0x0000000000810000        0x0
 *(.eeprom*)
                0x0000000000810000                __eeprom_end = .

.fuse
 *(.fuse)
 *(.lfuse)
 *(.hfuse)
 *(.efuse)

.lock
 *(.lock*)

.signature
 *(.signature*)

.user_signatures
 *(.user_signatures*)

.stab
 *(.stab)

.stabstr
 *(.stabstr)

.stab.excl
 *(.stab.excl)

.stab.exclstr
 *(.stab.exclstr)

.stab.index
 *(.stab.index)

.stab.indexstr
 *(.stab.indexstr)

.comment        0x0000000000000000       0x11
 *(.comment)
 .comment       0x0000000000000000       0x11 ./sonar/sonar.o
                                         0x12 (size before relaxing)
 .comment       0x0000000000000011       0x12 ./line/line.o
 .comment       0x0000000000000011       0x12 ./led/led.o
 .comment       0x0000000000000011       0x12 ./engine/engine.o
 .comment       0x0000000000000011       0x12 ./debug/debug.o
 .comment       0x0000000000000011       0x12 ./adc/adc.o
 .comment       0x0000000000000011       0x12 ./zemciak.o

.note.gnu.avr.deviceinfo
                0x0000000000000000       0x3c
 .note.gnu.avr.deviceinfo
                0x0000000000000000       0x3c /usr/lib/gcc/avr/4.9.2/../../../avr/lib/avr5/crtatmega32.o

.note.gnu.build-id
 *(.note.gnu.build-id)

.debug
 *(.debug)

.line
 *(.line)

.debug_srcinfo
 *(.debug_srcinfo)

.debug_sfnames
 *(.debug_sfnames)

.debug_aranges
 *(.debug_aranges)

.debug_pubnames
 *(.debug_pubnames)

.debug_info
 *(.debug_info .gnu.linkonce.wi.*)

.debug_abbrev
 *(.debug_abbrev)

.debug_line
 *(.debug_line .debug_line.* .debug_line_end)

.debug_frame
 *(.debug_frame)

.debug_str
 *(.debug_str)

.debug_loc
 *(.debug_loc)

.debug_macinfo
 *(.debug_macinfo)

.debug_weaknames
 *(.debug_weaknames)

.debug_funcnames
 *(.debug_funcnames)

.debug_typenames
 *(.debug_typenames)

.debug_varnames
 *(.debug_varnames)

.debug_pubtypes
 *(.debug_pubtypes)

.debug_ranges
 *(.debug_ranges)

.debug_macro
 *(.debug_macro)
OUTPUT(zemciak.elf elf32-avr)
LOAD linker stubs

Cross Reference Table

Symbol                                            File
_Z10adcBatteryv                                   ./adc/adc.o
_Z10engineInitv                                   ./engine/engine.o
                                                  ./zemciak.o
_Z10sonarRightv                                   ./sonar/sonar.o
                                                  ./zemciak.o
_Z10switchInitv                                   ./zemciak.o
_Z13adcEngineLeftv                                ./adc/adc.o
                                                  ./zemciak.o
_Z14adcEngineRightv                               ./adc/adc.o
                                                  ./zemciak.o
_Z4sendPc                                         ./debug/debug.o
_Z4sendc                                          ./debug/debug.o
_Z5ledBLb                                         ./led/led.o
                                                  ./zemciak.o
_Z5ledBRb                                         ./led/led.o
                                                  ./zemciak.o
_Z5ledFLb                                         ./led/led.o
                                                  ./zemciak.o
_Z5ledFRb                                         ./led/led.o
                                                  ./zemciak.o
_Z6lineBLv                                        ./line/line.o
                                                  ./zemciak.o
_Z6lineBRv                                        ./line/line.o
                                                  ./zemciak.o
_Z6lineFLv                                        ./line/line.o
                                                  ./zemciak.o
_Z6lineFRv                                        ./line/line.o
                                                  ./zemciak.o
_Z7adcInitv                                       ./adc/adc.o
                                                  ./zemciak.o
_Z7ledInitv                                       ./led/led.o
                                                  ./zemciak.o
_Z8lineInitv                                      ./line/line.o
                                                  ./zemciak.o
_Z8loopInitv                                      ./zemciak.o
_Z8sonarAvgv                                      ./sonar/sonar.o
                                                  ./zemciak.o
_Z8sonarMaxv                                      ./sonar/sonar.o
_Z8sonarMinv                                      ./sonar/sonar.o
                                                  ./zemciak.o
_Z9debugInitv                                     ./debug/debug.o
                                                  ./zemciak.o
_Z9getSwitchv                                     ./zemciak.o
_Z9setEngineaa                                    ./engine/engine.o
                                                  ./zemciak.o
_Z9sonarInitv                                     ./sonar/sonar.o
                                                  ./zemciak.o
_Z9sonarLeftv                                     ./sonar/sonar.o
                                                  ./zemciak.o
__bad_interrupt                                   /usr/lib/gcc/avr/4.9.2/../../../avr/lib/avr5/crtatmega32.o
__bss_end                                         /usr/lib/gcc/avr/4.9.2/avr5/libgcc.a(_clear_bss.o)
__bss_start                                       /usr/lib/gcc/avr/4.9.2/avr5/libgcc.a(_clear_bss.o)
__data_end                                        /usr/lib/gcc/avr/4.9.2/avr5/libgcc.a(_copy_data.o)
__data_load_start                                 /usr/lib/gcc/avr/4.9.2/avr5/libgcc.a(_copy_data.o)
__data_start                                      /usr/lib/gcc/avr/4.9.2/avr5/libgcc.a(_copy_data.o)
__do_clear_bss                                    /usr/lib/gcc/avr/4.9.2/avr5/libgcc.a(_clear_bss.o)
                                                  ./zemciak.o
                                                  ./adc/adc.o
                                                  ./debug/debug.o
                                                  ./sonar/sonar.o
__do_copy_data                                    /usr/lib/gcc/avr/4.9.2/avr5/libgcc.a(_copy_data.o)
                                                  ./sonar/sonar.o
__heap_end                                        /usr/lib/gcc/avr/4.9.2/../../../avr/lib/avr5/crtatmega32.o
__init                                            /usr/lib/gcc/avr/4.9.2/../../../avr/lib/avr5/crtatmega32.o
__stack                                           /usr/lib/gcc/avr/4.9.2/../../../avr/lib/avr5/crtatmega32.o
__vector_1                                        /usr/lib/gcc/avr/4.9.2/../../../avr/lib/avr5/crtatmega32.o
__vector_10                                       ./sonar/sonar.o
                                                  /usr/lib/gcc/avr/4.9.2/../../../avr/lib/avr5/crtatmega32.o
__vector_11                                       /usr/lib/gcc/avr/4.9.2/../../../avr/lib/avr5/crtatmega32.o
__vector_12                                       /usr/lib/gcc/avr/4.9.2/../../../avr/lib/avr5/crtatmega32.o
__vector_13                                       /usr/lib/gcc/avr/4.9.2/../../../avr/lib/avr5/crtatmega32.o
__vector_14                                       /usr/lib/gcc/avr/4.9.2/../../../avr/lib/avr5/crtatmega32.o
__vector_15                                       ./debug/debug.o
                                                  /usr/lib/gcc/avr/4.9.2/../../../avr/lib/avr5/crtatmega32.o
__vector_16                                       ./adc/adc.o
                                                  /usr/lib/gcc/avr/4.9.2/../../../avr/lib/avr5/crtatmega32.o
__vector_17                                       /usr/lib/gcc/avr/4.9.2/../../../avr/lib/avr5/crtatmega32.o
__vector_18                                       /usr/lib/gcc/avr/4.9.2/../../../avr/lib/avr5/crtatmega32.o
__vector_19                                       /usr/lib/gcc/avr/4.9.2/../../../avr/lib/avr5/crtatmega32.o
__vector_2                                        /usr/lib/gcc/avr/4.9.2/../../../avr/lib/avr5/crtatmega32.o
__vector_20                                       /usr/lib/gcc/avr/4.9.2/../../../avr/lib/avr5/crtatmega32.o
__vector_3                                        /usr/lib/gcc/avr/4.9.2/../../../avr/lib/avr5/crtatmega32.o
__vector_4                                        ./zemciak.o
                                                  /usr/lib/gcc/avr/4.9.2/../../../avr/lib/avr5/crtatmega32.o
__vector_5                                        /usr/lib/gcc/avr/4.9.2/../../../avr/lib/avr5/crtatmega32.o
__vector_6                                        /usr/lib/gcc/avr/4.9.2/../../../avr/lib/avr5/crtatmega32.o
__vector_7                                        /usr/lib/gcc/avr/4.9.2/../../../avr/lib/avr5/crtatmega32.o
__vector_8                                        /usr/lib/gcc/avr/4.9.2/../../../avr/lib/avr5/crtatmega32.o
__vector_9                                        /usr/lib/gcc/avr/4.9.2/../../../avr/lib/avr5/crtatmega32.o
__vector_default                                  /usr/lib/gcc/avr/4.9.2/../../../avr/lib/avr5/crtatmega32.o
__vectors                                         /usr/lib/gcc/avr/4.9.2/../../../avr/lib/avr5/crtatmega32.o
_exit                                             /usr/lib/gcc/avr/4.9.2/avr5/libgcc.a(_exit.o)
adcLeft                                           ./adc/adc.o
adcRight                                          ./adc/adc.o
battery                                           ./adc/adc.o
buffer                                            ./debug/debug.o
exit                                              /usr/lib/gcc/avr/4.9.2/avr5/libgcc.a(_exit.o)
                                                  /usr/lib/gcc/avr/4.9.2/../../../avr/lib/avr5/crtatmega32.o
main                                              ./zemciak.o
                                                  /usr/lib/gcc/avr/4.9.2/../../../avr/lib/avr5/crtatmega32.o
sonarL                                            ./sonar/sonar.o
sonarR                                            ./sonar/sonar.o
time                                              ./zemciak.o
uartend                                           ./debug/debug.o
uartstart                                         ./debug/debug.o
